02:16:46 **** Incremental Build of configuration Debug for project chess ****
make all 
'Building file: ../src/lw_usb_main.c'
'Invoking: MicroBlaze gcc compiler'
mb-gcc -Wall -O0 -g3 -c -fmessage-length=0 -MT"src/lw_usb_main.o" -IC:/Users/versa/ECE385/FinalProject/chess_sdk/mb_usb_hdmi_top/export/mb_usb_hdmi_top/sw/mb_usb_hdmi_top/standalone_microblaze_0/bspinclude/include -mno-xl-reorder -mlittle-endian -mxl-barrel-shift -mxl-pattern-compare -mcpu=v11.0 -mno-xl-soft-mul -Wl,--no-relax -ffunction-sections -fdata-sections -MMD -MP -MF"src/lw_usb_main.d" -MT"src/lw_usb_main.o" -o "src/lw_usb_main.o" "../src/lw_usb_main.c"
In file included from ../src/hdmi_text_controller.h:8,
                 from ../src/lw_usb_main.c:10:
C:/Users/versa/ECE385/FinalProject/chess_sdk/mb_usb_hdmi_top/export/mb_usb_hdmi_top/sw/mb_usb_hdmi_top/standalone_microblaze_0/bspinclude/include/xparameters.h:687:50: warning: initialization of 'volatile struct TEXT_HDMI_STRUCT *' from 'int' makes pointer from integer without a cast [-Wint-conversion]
  687 | #define XPAR_HDMI_TEXT_CONTROLLER_0_AXI_BASEADDR 0x44A00000
      |                                                  ^~~~~~~~~~
../src/hdmi_text_controller.h:37:54: note: in expansion of macro 'XPAR_HDMI_TEXT_CONTROLLER_0_AXI_BASEADDR'
   37 | static volatile struct TEXT_HDMI_STRUCT* hdmi_ctrl = XPAR_HDMI_TEXT_CONTROLLER_0_AXI_BASEADDR;
      |                                                      ^~~~~~~~~~~~~~~~~~~~~~~~~~~~~~~~~~~~~~~~
../src/lw_usb_main.c: In function 'main':
../src/lw_usb_main.c:74:5: warning: implicit declaration of function 'print_board'; did you mean 'init_board'? [-Wimplicit-function-declaration]
   74 |     print_board();
      |     ^~~~~~~~~~~
      |     init_board
../src/lw_usb_main.c:94:15: warning: unused variable 'screenHeight' [-Wunused-variable]
   94 |     const int screenHeight = 480;
      |               ^~~~~~~~~~~~
In file included from ../src/lw_usb_main.c:10:
At top level:
../src/hdmi_text_controller.h:40:21: warning: 'colors' defined but not used [-Wunused-variable]
   40 | static struct COLOR colors[]={
      |                     ^~~~~~
../src/hdmi_text_controller.h:37:42: warning: 'hdmi_ctrl' defined but not used [-Wunused-variable]
   37 | static volatile struct TEXT_HDMI_STRUCT* hdmi_ctrl = XPAR_HDMI_TEXT_CONTROLLER_0_AXI_BASEADDR;
      |                                          ^~~~~~~~~
'Finished building: ../src/lw_usb_main.c'
' '
'Building target: chess.elf'
'Invoking: MicroBlaze gcc linker'
mb-gcc -Wl,-T -Wl,../src/lscript.ld -LC:/Users/versa/ECE385/FinalProject/chess_sdk/mb_usb_hdmi_top/export/mb_usb_hdmi_top/sw/mb_usb_hdmi_top/standalone_microblaze_0/bsplib/lib -mlittle-endian -mxl-barrel-shift -mxl-pattern-compare -mcpu=v11.0 -mno-xl-soft-mul -Wl,--no-relax -Wl,--gc-sections -o "chess.elf"  ./src/lw_usb/HID.o ./src/lw_usb/MAX3421E.o ./src/lw_usb/transfer.o  ./src/chess.o ./src/hdmi_text_controller.o ./src/lw_usb_main.o ./src/platform.o   -Wl,--start-group,-lxil,-lgcc,-lc,--end-group
'Finished building target: chess.elf'
' '
'Invoking: MicroBlaze Print Size'
mb-size chess.elf  |tee "chess.elf.size"
   text	   data	    bss	    dec	    hex	filename
  37100	    552	  20212	  57864	   e208	chess.elf
'Finished building: chess.elf.size'
' '

02:16:47 Build Finished (took 923ms)

